// Jest Snapshot v1, https://goo.gl/fbAQLP

exports[`It should render <EditHackathon/> template correctly renders the User EditHackathon templatet correctly 1`] = `[Function]`;
