// Jest Snapshot v1, https://goo.gl/fbAQLP

exports[`It should render <HackathonSingle/> template correctly renders the User onboarding templatet correctly 1`] = `[Function]`;
