// Jest Snapshot v1, https://goo.gl/fbAQLP

exports[`It should render <UserProfileForm/> template correctly renders the User Profile Form template correctly 1`] = `[Function]`;
