// Jest Snapshot v1, https://goo.gl/fbAQLP

exports[`It should render <UserOnboarding/> template correctly renders the User onboarding template correctly 1`] = `[Function]`;
