// Jest Snapshot v1, https://goo.gl/fbAQLP

exports[`It should render dashboard page correctly renders the Dashboard component correctly 1`] = `[Function]`;
