// Jest Snapshot v1, https://goo.gl/fbAQLP

exports[`It should render HackathonSinglePage page correctly renders the HackathonSinglePage component correctly 1`] = `[Function]`;
