// Jest Snapshot v1, https://goo.gl/fbAQLP

exports[`It should render signup page correctly renders the SignUp component correctly 1`] = `[Function]`;
