// Jest Snapshot v1, https://goo.gl/fbAQLP

exports[`It should render UserProfileFormPage page correctly renders the UserProfileFormPage component correctly 1`] = `[Function]`;
