// Jest Snapshot v1, https://goo.gl/fbAQLP

exports[`It should render Application components correctly renders App component correctly 1`] = `[Function]`;
